
> the-last-signal@1.0.0 qa
> npm run build && node qa/validate.mjs


> the-last-signal@1.0.0 build
> vite build

vite v7.3.6 building client environment for production...
transforming...
✓ 14 modules transformed.
rendering chunks...
computing gzip size...
dist/index.html                   2.81 kB │ gzip:   1.18 kB
dist/assets/index-CkrQren4.css    5.83 kB │ gzip:   1.97 kB
dist/assets/index-8Lk_RZ5q.js    34.64 kB │ gzip:  12.05 kB │ map:    85.36 kB
dist/assets/three-B8IOXUFS.js   482.21 kB │ gzip: 120.78 kB │ map: 2,682.99 kB
✓ built in 1.41s
{
  "status": "pass",
  "checks": [
    {
      "name": "story critical-path state machine rejects wrong order and completes",
      "status": "pass"
    },
    {
      "name": "state changes are idempotent and dial input cannot corrupt locked state",
      "status": "pass"
    },
    {
      "name": "collision world blocks a closed doorway and permits passage after collision disable",
      "status": "pass"
    },
    {
      "name": "circle collision resolves a solid wall and avoids embedding",
      "status": "pass"
    },
    {
      "name": "room graph is connected and room metadata is complete",
      "status": "pass"
    },
    {
      "name": "asset registry contains license and all runtime texture maps",
      "status": "pass"
    },
    {
      "name": "no prohibited Kenney reference is shipped in runtime assets/source",
      "status": "pass"
    },
    {
      "name": "all required live interaction IDs are registered in world source",
      "status": "pass"
    },
    {
      "name": "production build exists and stays within static material payload budget",
      "status": "pass"
    }
  ],
  "summary": {
    "passed": 9,
    "failed": 0
  }
}
