WHAT: Normal official Playwright Chromium installer.
WHY: Required supported browser provisioning route before declaring QA blocked.
2026-09-04T07:06:20+00:00
Downloading Chrome for Testing 151.0.7922.34 (playwright chromium v1234) from https://cdn.playwright.dev/builds/cft/151.0.7922.34/linux64/chrome-linux64.zip
Error: Client network socket disconnected before secure TLS connection was established
    at TLSSocket.onConnectEnd (node:internal/tls/wrap:1754:19)
    at TLSSocket.emit (node:events:531:35)
    at endReadableNT (node:internal/streams/readable:1698:12)
    at process.processTicksAndRejections (node:internal/process/task_queues:89:21) {
  code: 'ECONNRESET',
  path: null,
  host: '150.171.110.146',
  port: 443,
  localAddress: undefined
}
Downloading Chrome for Testing 151.0.7922.34 (playwright chromium v1234) from https://cdn.playwright.dev/builds/cft/151.0.7922.34/linux64/chrome-linux64.zip
Error: Client network socket disconnected before secure TLS connection was established
    at TLSSocket.onConnectEnd (node:internal/tls/wrap:1754:19)
    at TLSSocket.emit (node:events:531:35)
    at endReadableNT (node:internal/streams/readable:1698:12)
    at process.processTicksAndRejections (node:internal/process/task_queues:89:21) {
  code: 'ECONNRESET',
  path: null,
  host: '150.171.110.152',
  port: 443,
  localAddress: undefined
}
Downloading Chrome for Testing 151.0.7922.34 (playwright chromium v1234) from https://cdn.playwright.dev/builds/cft/151.0.7922.34/linux64/chrome-linux64.zip
Error: Client network socket disconnected before secure TLS connection was established
    at TLSSocket.onConnectEnd (node:internal/tls/wrap:1754:19)
    at TLSSocket.emit (node:events:531:35)
    at endReadableNT (node:internal/streams/readable:1698:12)
    at process.processTicksAndRejections (node:internal/process/task_queues:89:21) {
  code: 'ECONNRESET',
  path: null,
  host: '150.171.110.152',
  port: 443,
  localAddress: undefined
}
Downloading Chrome for Testing 151.0.7922.34 (playwright chromium v1234) from https://cdn.playwright.dev/builds/cft/151.0.7922.34/linux64/chrome-linux64.zip
Error: Client network socket disconnected before secure TLS connection was established
    at TLSSocket.onConnectEnd (node:internal/tls/wrap:1754:19)
    at TLSSocket.emit (node:events:531:35)
    at endReadableNT (node:internal/streams/readable:1698:12)
    at process.processTicksAndRejections (node:internal/process/task_queues:89:21) {
  code: 'ECONNRESET',
  path: null,
  host: '150.171.110.152',
  port: 443,
  localAddress: undefined
}
Downloading Chrome for Testing 151.0.7922.34 (playwright chromium v1234) from https://cdn.playwright.dev/builds/cft/151.0.7922.34/linux64/chrome-linux64.zip
Error: Client network socket disconnected before secure TLS connection was established
    at TLSSocket.onConnectEnd (node:internal/tls/wrap:1754:19)
    at TLSSocket.emit (node:events:531:35)
    at endReadableNT (node:internal/streams/readable:1698:12)
    at process.processTicksAndRejections (node:internal/process/task_queues:89:21) {
  code: 'ECONNRESET',
  path: null,
  host: '150.171.110.152',
  port: 443,
  localAddress: undefined
}
Failed to install browsers
Error: Failed to download Chrome for Testing 151.0.7922.34 (playwright chromium v1234), caused by
Error: Download failure, code=1
    at ChildProcess.<anonymous> (/home/user/3dtest/node_modules/playwright-core/lib/coreBundle.js:32015:32)
    at ChildProcess.emit (node:events:519:28)
    at ChildProcess._handle.onexit (node:internal/child_process:293:12)
EXIT_CODE: 1
