=== https://www.youtube.com/watch?v=GoVNCfBSxPA ===
METADATA_FAILED research/metadata/failed-GoVNCfBSxPA.json: ERROR: [youtube] GoVNCfBSxPA: Unable to download API page: TLS/SSL connection has been closed (EOF) (_ssl.c:992) (caused by SSLError('TLS/SSL connection has been closed (EOF) (_ssl.c:992)')); please report this issue on  https://github.com/yt-dlp/yt-dlp/issues?q= , filling out the appropriate issue template. Confirm you are on the latest version using  yt-dlp -U

=== https://www.youtube.com/watch?v=hFf9FB8F0dc ===
METADATA_FAILED research/metadata/failed-hFf9FB8F0dc.json: ERROR: [youtube] hFf9FB8F0dc: Unable to download API page: TLS/SSL connection has been closed (EOF) (_ssl.c:992) (caused by SSLError('TLS/SSL connection has been closed (EOF) (_ssl.c:992)')); please report this issue on  https://github.com/yt-dlp/yt-dlp/issues?q= , filling out the appropriate issue template. Confirm you are on the latest version using  yt-dlp -U

=== https://www.youtube.com/watch?v=jBDJ5VUi0gs ===
METADATA_FAILED research/metadata/failed-jBDJ5VUi0gs.json: ERROR: [youtube] jBDJ5VUi0gs: Unable to download API page: TLS/SSL connection has been closed (EOF) (_ssl.c:992) (caused by SSLError('TLS/SSL connection has been closed (EOF) (_ssl.c:992)')); please report this issue on  https://github.com/yt-dlp/yt-dlp/issues?q= , filling out the appropriate issue template. Confirm you are on the latest version using  yt-dlp -U

=== https://www.youtube.com/watch?v=CGYuUc9pPtQ ===
METADATA_FAILED research/metadata/failed-CGYuUc9pPtQ.json: ERROR: [youtube] CGYuUc9pPtQ: Unable to download API page: TLS/SSL connection has been closed (EOF) (_ssl.c:992) (caused by SSLError('TLS/SSL connection has been closed (EOF) (_ssl.c:992)')); please report this issue on  https://github.com/yt-dlp/yt-dlp/issues?q= , filling out the appropriate issue template. Confirm you are on the latest version using  yt-dlp -U

=== https://www.youtube.com/watch?v=C3upVqVOgrM ===
METADATA_FAILED research/metadata/failed-C3upVqVOgrM.json: ERROR: [youtube] C3upVqVOgrM: Unable to download API page: TLS/SSL connection has been closed (EOF) (_ssl.c:992) (caused by SSLError('TLS/SSL connection has been closed (EOF) (_ssl.c:992)')); please report this issue on  https://github.com/yt-dlp/yt-dlp/issues?q= , filling out the appropriate issue template. Confirm you are on the latest version using  yt-dlp -U

=== https://www.youtube.com/watch?v=mHu6vcsDVL0 ===
METADATA_FAILED research/metadata/failed-mHu6vcsDVL0.json: ERROR: [youtube] mHu6vcsDVL0: Unable to download API page: TLS/SSL connection has been closed (EOF) (_ssl.c:992) (caused by SSLError('TLS/SSL connection has been closed (EOF) (_ssl.c:992)')); please report this issue on  https://github.com/yt-dlp/yt-dlp/issues?q= , filling out the appropriate issue template. Confirm you are on the latest version using  yt-dlp -U

=== https://www.youtube.com/watch?v=R8gzbOtyodM ===
METADATA_FAILED research/metadata/failed-R8gzbOtyodM.json: ERROR: [youtube] R8gzbOtyodM: Unable to download API page: TLS/SSL connection has been closed (EOF) (_ssl.c:992) (caused by SSLError('TLS/SSL connection has been closed (EOF) (_ssl.c:992)')); please report this issue on  https://github.com/yt-dlp/yt-dlp/issues?q= , filling out the appropriate issue template. Confirm you are on the latest version using  yt-dlp -U

=== https://www.youtube.com/watch?v=jPU-mvM_OSQ ===
METADATA_FAILED research/metadata/failed-jPU-mvM_OSQ.json: ERROR: [youtube] jPU-mvM_OSQ: Unable to download API page: TLS/SSL connection has been closed (EOF) (_ssl.c:992) (caused by SSLError('TLS/SSL connection has been closed (EOF) (_ssl.c:992)')); please report this issue on  https://github.com/yt-dlp/yt-dlp/issues?q= , filling out the appropriate issue template. Confirm you are on the latest version using  yt-dlp -U

=== https://www.youtube.com/watch?v=goJaqtAnJFQ ===
METADATA_FAILED research/metadata/failed-goJaqtAnJFQ.json: ERROR: [youtube] goJaqtAnJFQ: Unable to download API page: TLS/SSL connection has been closed (EOF) (_ssl.c:992) (caused by SSLError('TLS/SSL connection has been closed (EOF) (_ssl.c:992)')); please report this issue on  https://github.com/yt-dlp/yt-dlp/issues?q= , filling out the appropriate issue template. Confirm you are on the latest version using  yt-dlp -U

=== https://www.youtube.com/watch?v=bz4MuYw8FBA ===
METADATA_FAILED research/metadata/failed-bz4MuYw8FBA.json: ERROR: [youtube] bz4MuYw8FBA: Unable to download API page: TLS/SSL connection has been closed (EOF) (_ssl.c:992) (caused by SSLError('TLS/SSL connection has been closed (EOF) (_ssl.c:992)')); please report this issue on  https://github.com/yt-dlp/yt-dlp/issues?q= , filling out the appropriate issue template. Confirm you are on the latest version using  yt-dlp -U

=== https://youtu.be/to032deYr-Q ===
METADATA_FAILED research/metadata/failed-to032deYr-Q.json: ERROR: [youtube] to032deYr-Q: Unable to download API page: TLS/SSL connection has been closed (EOF) (_ssl.c:992) (caused by SSLError('TLS/SSL connection has been closed (EOF) (_ssl.c:992)')); please report this issue on  https://github.com/yt-dlp/yt-dlp/issues?q= , filling out the appropriate issue template. Confirm you are on the latest version using  yt-dlp -U

Indexed 0 metadata records
