WHAT: Metadata/caption-only YouTube reference retrieval for the supplied parkour video.
WHY: Create structured movement-design evidence for the new action/parkour game; no full video media is requested.
2026-09-05T07:21:58+00:00
[youtube] Extracting URL: https://youtu.be/to032deYr-Q
[youtube] to032deYr-Q: Downloading webpage
WARNING: [youtube] TLS/SSL connection has been closed (EOF) (_ssl.c:992). Retrying (1/3)...
[youtube] to032deYr-Q: Downloading webpage
WARNING: [youtube] TLS/SSL connection has been closed (EOF) (_ssl.c:992). Retrying (2/3)...
[youtube] to032deYr-Q: Downloading webpage
WARNING: [youtube] TLS/SSL connection has been closed (EOF) (_ssl.c:992). Retrying (3/3)...
[youtube] to032deYr-Q: Downloading webpage
WARNING: [youtube] to032deYr-Q: Unable to download webpage: TLS/SSL connection has been closed (EOF) (_ssl.c:992) (caused by SSLError('TLS/SSL connection has been closed (EOF) (_ssl.c:992)')); please report this issue on  https://github.com/yt-dlp/yt-dlp/issues?q= , filling out the appropriate issue template. Confirm you are on the latest version using  yt-dlp -U. Giving up after 3 retries
[youtube] to032deYr-Q: Downloading initial data API JSON
WARNING: [youtube] TLS/SSL connection has been closed (EOF) (_ssl.c:992). Retrying (1/3)...
[youtube] to032deYr-Q: Downloading initial data API JSON
WARNING: [youtube] TLS/SSL connection has been closed (EOF) (_ssl.c:992). Retrying (2/3)...
[youtube] to032deYr-Q: Downloading initial data API JSON
WARNING: [youtube] TLS/SSL connection has been closed (EOF) (_ssl.c:992). Retrying (3/3)...
[youtube] to032deYr-Q: Downloading initial data API JSON
ERROR: [youtube] to032deYr-Q: Unable to download API page: TLS/SSL connection has been closed (EOF) (_ssl.c:992) (caused by SSLError('TLS/SSL connection has been closed (EOF) (_ssl.c:992)')); please report this issue on  https://github.com/yt-dlp/yt-dlp/issues?q= , filling out the appropriate issue template. Confirm you are on the latest version using  yt-dlp -U
